INFO [2026-02-24 10:21:37] $x
INFO [2026-02-24 10:21:37] $x$TWAS
INFO [2026-02-24 10:21:37] [1] "GENE1" "GENE2" "GENE3" "GENE4" "GENE5" "GENE6" "GENE7"
INFO [2026-02-24 10:21:37] 
INFO [2026-02-24 10:21:37] $x$Gut
INFO [2026-02-24 10:21:37] [1] "GENE3"  "GENE4"  "GENE8"  "GENE9"  "GENE10" "GENE11"
INFO [2026-02-24 10:21:37] 
INFO [2026-02-24 10:21:37] $x$Metabolome
INFO [2026-02-24 10:21:37] [1] "GENE2"  "GENE4"  "GENE10" "GENE12" "GENE13"
INFO [2026-02-24 10:21:37] 
INFO [2026-02-24 10:21:37] 
INFO [2026-02-24 10:21:37] $scaled
INFO [2026-02-24 10:21:37] [1] FALSE
INFO [2026-02-24 10:21:37] 
INFO [2026-02-24 10:21:37] $category.names
INFO [2026-02-24 10:21:37] [1] "TWAS\n(7)"       "Gut\n(6)"        "Metabolome\n(5)"
INFO [2026-02-24 10:21:37] 
INFO [2026-02-24 10:21:37] $fill
INFO [2026-02-24 10:21:37] [1] "#66C2A5" "#FC8D62" "#8DA0CB"
INFO [2026-02-24 10:21:37] 
INFO [2026-02-24 10:21:37] $cat.col
INFO [2026-02-24 10:21:37] [1] "#66C2A5" "#FC8D62" "#8DA0CB"
INFO [2026-02-24 10:21:37] 
INFO [2026-02-24 10:21:37] $alpha
INFO [2026-02-24 10:21:37] [1] 0.5
INFO [2026-02-24 10:21:37] 
INFO [2026-02-24 10:21:37] $col
INFO [2026-02-24 10:21:37] [1] "black"
INFO [2026-02-24 10:21:37] 
INFO [2026-02-24 10:21:37] $lwd
INFO [2026-02-24 10:21:37] [1] 1.3
INFO [2026-02-24 10:21:37] 
INFO [2026-02-24 10:21:37] $lty
INFO [2026-02-24 10:21:37] [1] 1
INFO [2026-02-24 10:21:37] 
INFO [2026-02-24 10:21:37] $cex
INFO [2026-02-24 10:21:37] [1] 1.5
INFO [2026-02-24 10:21:37] 
INFO [2026-02-24 10:21:37] $cat.cex
INFO [2026-02-24 10:21:37] [1] 1.3
INFO [2026-02-24 10:21:37] 
INFO [2026-02-24 10:21:37] $cat.default.pos
INFO [2026-02-24 10:21:37] [1] "outer"
INFO [2026-02-24 10:21:37] 
INFO [2026-02-24 10:21:37] $margin
INFO [2026-02-24 10:21:37] [1] 0.1
INFO [2026-02-24 10:21:37] 
INFO [2026-02-24 10:21:37] $filename
INFO [2026-02-24 10:21:37] NULL
INFO [2026-02-24 10:21:37] 
INFO [2026-02-24 10:21:37] $output
INFO [2026-02-24 10:21:37] [1] FALSE
INFO [2026-02-24 10:21:37] 
INFO [2026-02-24 10:21:37] $cat.dist
INFO [2026-02-24 10:21:37] [1] 0.08 0.08 0.08
INFO [2026-02-24 10:21:37] 
INFO [2026-02-24 10:21:37] $cat.pos
INFO [2026-02-24 10:21:37] [1] -20  20 180
INFO [2026-02-24 10:21:37] 
